
=== Wed Aug 28 19:45:10 2024

Packages were changed.
Update Mode: mergeDefaultDependencies

The following packages were added:
  com.unity.modules.ai@1.0.0
  com.unity.modules.androidjni@1.0.0
  com.unity.modules.animation@1.0.0
  com.unity.modules.assetbundle@1.0.0
  com.unity.modules.audio@1.0.0
  com.unity.modules.cloth@1.0.0
  com.unity.modules.director@1.0.0
  com.unity.modules.imageconversion@1.0.0
  com.unity.modules.imgui@1.0.0
  com.unity.modules.jsonserialize@1.0.0
  com.unity.modules.particlesystem@1.0.0
  com.unity.modules.physics@1.0.0
  com.unity.modules.physics2d@1.0.0
  com.unity.modules.screencapture@1.0.0
  com.unity.modules.terrain@1.0.0
  com.unity.modules.terrainphysics@1.0.0
  com.unity.modules.tilemap@1.0.0
  com.unity.modules.ui@1.0.0
  com.unity.modules.uielements@1.0.0
  com.unity.modules.umbra@1.0.0
  com.unity.modules.unityanalytics@1.0.0
  com.unity.modules.unitywebrequest@1.0.0
  com.unity.modules.unitywebrequestassetbundle@1.0.0
  com.unity.modules.unitywebrequestaudio@1.0.0
  com.unity.modules.unitywebrequesttexture@1.0.0
  com.unity.modules.unitywebrequestwww@1.0.0
  com.unity.modules.vehicles@1.0.0
  com.unity.modules.video@1.0.0
  com.unity.modules.vr@1.0.0
  com.unity.modules.wind@1.0.0
  com.unity.modules.xr@1.0.0
The following packages were updated:
  com.unity.collab-proxy from version 1.15.12 to 2.3.1
  com.unity.feature.2d from version 1.0.0 to 2.0.1
  com.unity.ide.rider from version 3.0.12 to 3.0.28
  com.unity.ide.visualstudio from version 2.0.14 to 2.0.22
  com.unity.test-framework from version 1.1.30 to 1.1.33
  com.unity.timeline from version 1.6.3 to 1.7.6
  com.unity.visualscripting from version 1.7.7 to 1.9.4

=== Wed Sep 11 18:20:48 2024

Packages were changed.
Update Mode: resetToDefaultDependencies

The following packages were removed:
  com.unity.collab-proxy@2.4.4
  com.unity.feature.2d@2.0.1
  com.unity.feature.mobile@1.0.0
  com.unity.ide.rider@3.0.28
  com.unity.ide.visualstudio@2.0.22
  com.unity.ide.vscode@1.2.5
  com.unity.test-framework@1.1.33
  com.unity.textmeshpro@3.0.6
  com.unity.timeline@1.7.6
  com.unity.ugui@1.0.0
  com.unity.visualscripting@1.9.4

=== Sun Oct  6 16:39:01 2024

Packages were changed.
Update Mode: updateDependencies

The following packages were updated:
  com.unity.burst from version 1.8.4 to 1.8.15
  com.unity.ide.rider from version 3.0.21 to 3.0.28
  com.unity.ide.visualstudio from version 2.0.18 to 2.0.22
  com.unity.postprocessing from version 3.2.2 to 3.4.0
  com.unity.render-pipelines.core from version 14.0.7 to 14.0.11
  com.unity.render-pipelines.universal from version 14.0.7 to 14.0.11
  com.unity.shadergraph from version 14.0.7 to 14.0.11
  com.unity.timeline from version 1.7.4 to 1.7.6
  com.unity.visualscripting from version 1.8.0 to 1.9.4

=== Sun Oct  6 16:39:02 2024

Packages were changed.
Update Mode: mergeDefaultDependencies

The following packages were added:
  com.unity.burst@1.8.15
  com.unity.collab-proxy@2.4.4
  com.unity.ext.nunit@1.0.6
  com.unity.ide.rider@3.0.28
  com.unity.ide.visualstudio@2.0.22
  com.unity.ide.vscode@1.2.5
  com.unity.mathematics@1.2.6
  com.unity.render-pipelines.core@14.0.11
  com.unity.render-pipelines.universal@14.0.11
  com.unity.searcher@4.9.2
  com.unity.shadergraph@14.0.11
  com.unity.test-framework@1.1.33
  com.unity.timeline@1.7.6
  com.unity.visualscripting@1.9.4
  com.unity.modules.subsystems@1.0.0

=== Sun Mar 22 09:57:49 2026

Packages were changed.
Update Mode: updateDependencies

The following packages were added:
  com.unity.modules.accessibility@1.0.0
  com.unity.multiplayer.center@1.0.0
The following packages were updated:
  com.unity.burst from version 1.8.15 to 1.8.24
  com.unity.collab-proxy from version 2.4.4 to 2.8.2
  com.unity.ext.nunit from version 1.0.6 to 2.0.5
  com.unity.ide.rider from version 3.0.28 to 3.0.36
  com.unity.ide.visualstudio from version 2.0.22 to 2.0.23
  com.unity.mathematics from version 1.2.6 to 1.3.2
  com.unity.mobile.android-logcat from version 1.4.3 to 1.4.5
  com.unity.postprocessing from version 3.4.0 to 3.5.0
  com.unity.render-pipelines.core from version 14.0.11 to 17.0.4
  com.unity.render-pipelines.universal from version 14.0.11 to 17.0.4
  com.unity.shadergraph from version 14.0.11 to 17.0.4
  com.unity.test-framework from version 1.1.33 to 1.5.1
  com.unity.timeline from version 1.7.6 to 1.8.9
  com.unity.ugui from version 1.0.0 to 2.0.0
  com.unity.visualscripting from version 1.9.4 to 1.9.7
The following packages were removed:
  com.unity.textmeshpro@3.0.9

=== Sun Mar 22 10:17:41 2026

Packages were changed.
Update Mode: updateDependencies

The following packages were added:
  com.unity.modules.adaptiveperformance@1.0.0
  com.unity.modules.vectorgraphics@1.0.0
The following packages were updated:
  com.unity.burst from version 1.8.24 to 1.8.28
  com.unity.collab-proxy from version 2.8.2 to 2.11.4
  com.unity.device-simulator.devices from version 1.0.0 to 1.0.1
  com.unity.feature.2d from version 2.0.1 to 2.0.2
  com.unity.ide.rider from version 3.0.36 to 3.0.39
  com.unity.ide.visualstudio from version 2.0.23 to 2.0.27
  com.unity.mathematics from version 1.3.2 to 1.3.3
  com.unity.mobile.android-logcat from version 1.4.5 to 1.4.7
  com.unity.multiplayer.center from version 1.0.0 to 1.0.1
  com.unity.postprocessing from version 3.5.0 to 3.5.1
  com.unity.purchasing from version 4.12.2 to 4.14.2
  com.unity.render-pipelines.core from version 17.0.4 to 17.4.0
  com.unity.render-pipelines.universal from version 17.0.4 to 17.4.0
  com.unity.searcher from version 4.9.2 to 4.9.4
  com.unity.shadergraph from version 17.0.4 to 17.4.0
  com.unity.test-framework from version 1.5.1 to 1.6.0
  com.unity.timeline from version 1.8.9 to 1.8.11
  com.unity.visualscripting from version 1.9.7 to 1.9.10
